
incoming:  SOF len:13 REQU API_ZW_APPLICATION_UPDATE:49 84 node:09 0d 04 10 01 25 31 32 27 70 85 72 86 ef 82 chk:5d
hex:  ['01', '13', '00', '49', '84', '09', '0d', '04', '10', '01', '25', '31', '32', '27', '70', '85', '72', '86', 'ef', '82', '5d']
SOF len:09 REQU API_ZW_SEND_DATA:13 node:09 02 SensorMultilevel_SupportedGet:31 X:01 xmit:25 cb:43 chk:b8
SOF len:09 REQU API_ZW_SEND_DATA:13 node:09 02 Meter_SupportedGet:32 X:03 xmit:25 cb:44 chk:be
SOF len:09 REQU API_ZW_SEND_DATA:13 node:09 02 Version_Get:86 X:11 xmit:25 cb:45 chk:19
SOF len:0a REQU API_ZW_SEND_DATA:13 node:09 03 ManufacturerSpecific_DeviceSpecificGet:72 X:06 00 xmit:25 cb:46 chk:fb
SOF len:0a REQU API_ZW_SEND_DATA:13 node:09 03 ManufacturerSpecific_DeviceSpecificGet:72 X:06 01 xmit:25 cb:47 chk:fb
SOF len:09 REQU API_ZW_SEND_DATA:13 node:09 02 SwitchAll_Get:27 X:02 xmit:25 cb:48 chk:a6
SOF len:09 REQU API_ZW_SEND_DATA:13 node:09 02 Association_GroupingsGet:85 X:05 xmit:25 cb:49 chk:02
SOF len:0a REQU API_ZW_SEND_DATA:13 node:09 03 Version_CommandClassGet:86 X:13 25 xmit:25 cb:4a chk:33
SOF len:0a REQU API_ZW_SEND_DATA:13 node:09 03 Version_CommandClassGet:86 X:13 31 xmit:25 cb:4b chk:26
SOF len:0a REQU API_ZW_SEND_DATA:13 node:09 03 Version_CommandClassGet:86 X:13 32 xmit:25 cb:4c chk:22
SOF len:0a REQU API_ZW_SEND_DATA:13 node:09 03 Version_CommandClassGet:86 X:13 27 xmit:25 cb:4d chk:36
SOF len:0a REQU API_ZW_SEND_DATA:13 node:09 03 Version_CommandClassGet:86 X:13 70 xmit:25 cb:4e chk:62
SOF len:0a REQU API_ZW_SEND_DATA:13 node:09 03 Version_CommandClassGet:86 X:13 85 xmit:25 cb:4f chk:96
SOF len:0a REQU API_ZW_SEND_DATA:13 node:09 03 Version_CommandClassGet:86 X:13 72 xmit:25 cb:50 chk:7e
SOF len:0a REQU API_ZW_SEND_DATA:13 node:09 03 Version_CommandClassGet:86 X:13 86 xmit:25 cb:51 chk:8b
SOF len:0a REQU API_ZW_SEND_DATA:13 node:09 03 Version_CommandClassGet:86 X:13 82 xmit:25 cb:52 chk:8c
SOF len:0a REQU API_ZW_SEND_DATA:13 node:09 03 Version_CommandClassGet:86 X:13 20 xmit:25 cb:53 chk:2f
SOF len:0a REQU API_ZW_SEND_DATA:13 node:09 03 ManufacturerSpecific_DeviceSpecificGet:72 X:06 00 xmit:25 cb:54 chk:e9
SOF len:09 REQU API_ZW_SEND_DATA:13 node:09 02 ManufacturerSpecific_Get:72 X:04 xmit:25 cb:55 chk:e8

incoming:  SOF len:09 REQU API_APPLICATION_COMMAND_HANDLER:04 00 node:09 len:03 Association_GroupingsReport:85 X:06 01 chk:7a
hex:  ['01', '09', '00', '04', '00', '09', '03', '85', '06', '01', '7a']

incoming:  SOF len:0a REQU API_APPLICATION_COMMAND_HANDLER:04 00 node:09 len:04 Meter_SupportedReport:32 X:04 81 05 chk:4e
hex:  ['01', '0a', '00', '04', '00', '09', '04', '32', '04', '81', '05', '4e']

incoming:  SOF len:0d REQU API_APPLICATION_COMMAND_HANDLER:04 00 node:09 len:07 Version_Report:86 X:12 03 02 4e 01 2b chk:09
hex:  ['01', '0d', '00', '04', '00', '09', '07', '86', '12', '03', '02', '4e', '01', '2b', '09']

incoming:  SOF len:09 REQU API_APPLICATION_COMMAND_HANDLER:04 00 node:09 len:03 SwitchAll_Report:27 X:03 ff chk:23
hex:  ['01', '09', '00', '04', '00', '09', '03', '27', '03', 'ff', '23']

incoming:  SOF len:0a REQU API_APPLICATION_COMMAND_HANDLER:04 00 node:09 len:04 Version_CommandClassReport:86 X:14 70 01 chk:1f
hex:  ['01', '0a', '00', '04', '00', '09', '04', '86', '14', '70', '01', '1f']

incoming:  SOF len:0a REQU API_APPLICATION_COMMAND_HANDLER:04 00 node:09 len:04 Version_CommandClassReport:86 X:14 31 03 chk:5c
hex:  ['01', '0a', '00', '04', '00', '09', '04', '86', '14', '31', '03', '5c']

incoming:  SOF len:0a REQU API_APPLICATION_COMMAND_HANDLER:04 00 node:09 len:04 Version_CommandClassReport:86 X:14 32 02 chk:5e
hex:  ['01', '0a', '00', '04', '00', '09', '04', '86', '14', '32', '02', '5e']

incoming:  SOF len:0a REQU API_APPLICATION_COMMAND_HANDLER:04 00 node:09 len:04 Version_CommandClassReport:86 X:14 20 01 chk:4f
hex:  ['01', '0a', '00', '04', '00', '09', '04', '86', '14', '20', '01', '4f']

incoming:  SOF len:0a REQU API_APPLICATION_COMMAND_HANDLER:04 00 node:09 len:04 Version_CommandClassReport:86 X:14 25 01 chk:4a
hex:  ['01', '0a', '00', '04', '00', '09', '04', '86', '14', '25', '01', '4a']

incoming:  SOF len:0a REQU API_APPLICATION_COMMAND_HANDLER:04 00 node:09 len:04 Version_CommandClassReport:86 X:14 86 01 chk:e9
hex:  ['01', '0a', '00', '04', '00', '09', '04', '86', '14', '86', '01', 'e9']

incoming:  SOF len:0a REQU API_APPLICATION_COMMAND_HANDLER:04 00 node:09 len:04 Version_CommandClassReport:86 X:14 27 01 chk:48
hex:  ['01', '0a', '00', '04', '00', '09', '04', '86', '14', '27', '01', '48']

incoming:  SOF len:0a REQU API_APPLICATION_COMMAND_HANDLER:04 00 node:09 len:04 Version_CommandClassReport:86 X:14 72 01 chk:1d
hex:  ['01', '0a', '00', '04', '00', '09', '04', '86', '14', '72', '01', '1d']

incoming:  SOF len:0a REQU API_APPLICATION_COMMAND_HANDLER:04 00 node:09 len:04 Version_CommandClassReport:86 X:14 85 01 chk:ea
hex:  ['01', '0a', '00', '04', '00', '09', '04', '86', '14', '85', '01', 'ea']

incoming:  SOF len:0e REQU API_APPLICATION_COMMAND_HANDLER:04 00 node:09 len:08 ManufacturerSpecific_Report:72 X:05 00 86 00 03 00 06 chk:00
hex:  ['01', '0e', '00', '04', '00', '09', '08', '72', '05', '00', '86', '00', '03', '00', '06', '00']
SOF len:09 REQU API_ZW_SEND_DATA:13 node:09 02 Basic_Get:20 X:02 xmit:25 cb:56 chk:bf
SOF len:09 REQU API_ZW_SEND_DATA:13 node:09 02 SwitchBinary_Get:25 X:02 xmit:25 cb:57 chk:bb
SOF len:09 REQU API_ZW_SEND_DATA:13 node:09 02 SensorMultilevel_Get:31 X:04 xmit:25 cb:58 chk:a6
SOF len:09 REQU API_ZW_SEND_DATA:13 node:09 02 Meter_Get:32 X:01 xmit:25 cb:59 chk:a1
SOF len:0a REQU API_ZW_SEND_DATA:13 node:09 03 Meter_Get:32 X:01 00 xmit:25 cb:5a chk:a0
SOF len:0a REQU API_ZW_SEND_DATA:13 node:09 03 Meter_Get:32 X:01 10 xmit:25 cb:5b chk:b1
SOF len:0a REQU API_ZW_SEND_DATA:13 node:09 03 Association_Get:85 X:02 01 xmit:25 cb:5c chk:13
SOF len:0a REQU API_ZW_SEND_DATA:13 node:09 03 Association_Get:85 X:02 ff xmit:25 cb:5d chk:ec

incoming:  SOF len:09 REQU API_APPLICATION_COMMAND_HANDLER:04 00 node:09 len:03 Basic_Report:20 X:03 ff chk:24
hex:  ['01', '09', '00', '04', '00', '09', '03', '20', '03', 'ff', '24']

incoming:  SOF len:09 REQU API_APPLICATION_COMMAND_HANDLER:04 00 node:09 len:03 SwitchBinary_Report:25 X:03 ff chk:21
hex:  ['01', '09', '00', '04', '00', '09', '03', '25', '03', 'ff', '21']

incoming:  SOF len:0e REQU API_APPLICATION_COMMAND_HANDLER:04 00 node:09 len:08 SensorMultilevel_Report:31 X:05 04 64 00 00 a8 a7 chk:af
hex:  ['01', '0e', '00', '04', '00', '09', '08', '31', '05', '04', '64', '00', '00', 'a8', 'a7', 'af']

incoming:  SOF len:14 REQU API_APPLICATION_COMMAND_HANDLER:04 00 node:09 len:0e Meter_Report:32 X:02 21 64 00 02 60 12 00 53 00 02 60 11 chk:cd
hex:  ['01', '14', '00', '04', '00', '09', '0e', '32', '02', '21', '64', '00', '02', '60', '12', '00', '53', '00', '02', '60', '11', 'cd']

incoming:  SOF len:14 REQU API_APPLICATION_COMMAND_HANDLER:04 00 node:09 len:0e Meter_Report:32 X:02 21 74 00 00 a8 a7 00 53 00 02 60 11 chk:a2
hex:  ['01', '14', '00', '04', '00', '09', '0e', '32', '02', '21', '74', '00', '00', 'a8', 'a7', '00', '53', '00', '02', '60', '11', 'a2']
============================================================
Node 9
============================================================
########### VALUES
((32, 3), 'Basic_Report', {'level': 255})
((37, 3), 'SwitchBinary_Report', {'level': 255})
((39, 3), 'SwitchAll_Report', {'mode': 255})
((50, 4), 'Meter_SupportedReport', {'type': 129, 'scale': 5})
((114, 5), 'ManufacturerSpecific_Report', {'manufacturer': 134, 'type': 3, 'product': 6})
((133, 6), 'Association_GroupingsReport', {'count': 1})
((134, 18), 'Version_Report', {'library': 3, 'protocol': 590, 'firmware': 299})
((256, 2), '_ProtocolInfo', {'device_type': (0, 16, 1)})
########### VERSIONS
(32, 'Basic', 1)
(37, 'SwitchBinary', 1)
(39, 'SwitchAll', 1)
(49, 'SensorMultilevel', 3)
(50, 'Meter', 2)
(112, 'Configuration', 1)
(114, 'ManufacturerSpecific', 1)
(130, 'Hail', -1)
(133, 'Association', 1)
(134, 'Version', 1)
########### CONFIGURATIONS
########### ASSOCIATIONS
########### METERS
((1, 0), 'Electric', 'kWh', 155.666)
((1, 2), 'Electric', 'W', 43.175)
########### SENSORS
((4, 0), 'Power', 'W', 43.175)
OK
